<html>
<body>
<pre>
<h1>µVision Build Log</h1>
<h2>Tool Versions:</h2>
IDE-Version: µVision V5.33.0.0
Copyright (C) 2020 ARM Ltd and ARM Germany GmbH. All rights reserved.
License Information: haui Admin, haui, LIC=----
 
Tool Versions:
Toolchain:       MDK-Lite  Version: 5.33.0.0
Toolchain Path:  C:\Keil_v5\ARM\ARMCC\Bin
C Compiler:      Armcc.exe V5.06 update 7 (build 960)
Assembler:       Armasm.exe V5.06 update 7 (build 960)
Linker/Locator:  ArmLink.exe V5.06 update 7 (build 960)
Library Manager: ArmAr.exe V5.06 update 7 (build 960)
Hex Converter:   FromElf.exe V5.06 update 7 (build 960)
CPU DLL:         SARMCM3.DLL V5.33.0.0
Dialog DLL:      DCM.DLL V1.17.3.0
Target DLL:      STLink\ST-LINKIII-KEIL_SWO.dll V3.0.8.0
Dialog DLL:      TCM.DLL V1.48.0.0
 
<h2>Project:</h2>
F:\DI LAM\buoi1\buoi2\MDK-ARM\buoi2.uvprojx
Project File Date:  09/09/2022

<h2>Output:</h2>
*** Using Compiler 'V5.06 update 7 (build 960)', folder: 'C:\Keil_v5\ARM\ARMCC\Bin'
Build target 'buoi2'
compiling ADCnew.c...
thuvienew\ADCnew.h(6): warning:  #1295-D: Deprecated declaration pump - give arg types
  	void pump ();
thuvienew\ADCnew.h(7): warning:  #1295-D: Deprecated declaration compare - give arg types
  	void compare();
thuvienew\ADCnew.h(8): warning:  #1295-D: Deprecated declaration energy - give arg types
  	void energy();
thuvienew\ADCnew.h(10): warning:  #1-D: last line of file ends without a newline
  #endif 
thuvienew\ADCnew.c(46): warning:  #188-D: enumerated type mixed with another type
  						HAL_GPIO_WritePin(GPIOA,GPIO_PIN_4,1);	
thuvienew\ADCnew.c(56): warning:  #188-D: enumerated type mixed with another type
  						HAL_GPIO_WritePin(GPIOA,GPIO_PIN_3,1);						
thuvienew\ADCnew.c(65): warning:  #188-D: enumerated type mixed with another type
  						HAL_GPIO_WritePin(GPIOA,GPIO_PIN_5,1);
thuvienew\ADCnew.c(72): warning:  #188-D: enumerated type mixed with another type
  						HAL_GPIO_WritePin(GPIOA,GPIO_PIN_6,1);
thuvienew\ADCnew.c(82): warning:  #188-D: enumerated type mixed with another type
  						HAL_GPIO_WritePin(GPIOA,GPIO_PIN_6,1);
thuvienew\ADCnew.c(94): warning:  #188-D: enumerated type mixed with another type
  						HAL_GPIO_WritePin(GPIOA,GPIO_PIN_6,1);
thuvienew\ADCnew.c(105): warning:  #188-D: enumerated type mixed with another type
  			HAL_GPIO_WritePin(GPIOA,GPIO_PIN_3|GPIO_PIN_4|GPIO_PIN_5|GPIO_PIN_6,0);
thuvienew\ADCnew.c(113): warning:  #188-D: enumerated type mixed with another type
  		HAL_GPIO_WritePin(GPIOA,GPIO_PIN_7,0);	
thuvienew\ADCnew.c(117): warning:  #188-D: enumerated type mixed with another type
  			HAL_GPIO_WritePin(GPIOA,GPIO_PIN_7,1);
thuvienew\ADCnew.c(118): warning:  #188-D: enumerated type mixed with another type
  			HAL_GPIO_WritePin(GPIOA,GPIO_PIN_1,0);		
thuvienew\ADCnew.c(122): warning:  #188-D: enumerated type mixed with another type
  		HAL_GPIO_WritePin(GPIOA,GPIO_PIN_7,0);
thuvienew\ADCnew.c(151): warning:  #177-D: variable "count_value"  was declared but never referenced
  		  char data_adc[5],data_position[5],count_value[10];;
thuvienew\ADCnew.c(154): warning:  #177-D: variable "cu_dam"  was declared but never referenced
  			char cu_dam[]=" so cu dam:";
thuvienew\ADCnew.c(157): warning:  #177-D: variable "data3Send"  was declared but never referenced
  			char data3Send[30];	
thuvienew\ADCnew.c(174): warning:  #1-D: last line of file ends without a newline
  }
thuvienew\ADCnew.c: 19 warnings, 0 errors
linking...
Program Size: Code=14032 RO-data=452 RW-data=96 ZI-data=1432  
FromELF: creating hex file...
"buoi2\buoi2.axf" - 0 Error(s), 19 Warning(s).

<h2>Software Packages used:</h2>

Package Vendor: ARM
                http://www.keil.com/pack/ARM.CMSIS.5.7.0.pack
                ARM.CMSIS.5.7.0
                CMSIS (Cortex Microcontroller Software Interface Standard)
   * Component: CORE Version: 5.4.0

Package Vendor: Keil
                http://www.keil.com/pack/Keil.STM32F2xx_DFP.2.10.0.pack
                Keil.STM32F2xx_DFP.2.10.0
                STMicroelectronics STM32F2 Series Device Support, Drivers and Examples

<h2>Collection of Component include folders:</h2>
  .\RTE\_buoi2
  C:\Users\Admin\AppData\Local\Arm\Packs\ARM\CMSIS\5.7.0\CMSIS\Core\Include
  C:\Users\Admin\AppData\Local\Arm\Packs\Keil\STM32F2xx_DFP\2.10.0\Drivers\CMSIS\Device\ST\STM32F2xx\Include

<h2>Collection of Component Files used:</h2>

   * Component: ARM::CMSIS:CORE:5.4.0
      Include file:  CMSIS\Core\Include\tz_context.h
Build Time Elapsed:  00:00:02
</pre>
</body>
</html>
