<html>
<body>
<pre>
<h1>µVision Build Log</h1>
<h2>Tool Versions:</h2>
IDE-Version: µVision V5.33.0.0
Copyright (C) 2020 ARM Ltd and ARM Germany GmbH. All rights reserved.
License Information: haui Admin, haui, LIC=----
 
Tool Versions:
Toolchain:       MDK-Lite  Version: 5.33.0.0
Toolchain Path:  C:\Keil_v5\ARM\ARMCC\Bin
C Compiler:      Armcc.exe V5.06 update 7 (build 960)
Assembler:       Armasm.exe V5.06 update 7 (build 960)
Linker/Locator:  ArmLink.exe V5.06 update 7 (build 960)
Library Manager: ArmAr.exe V5.06 update 7 (build 960)
Hex Converter:   FromElf.exe V5.06 update 7 (build 960)
CPU DLL:         SARMCM3.DLL V5.33.0.0
Dialog DLL:      DCM.DLL V1.17.3.0
Target DLL:      STLink\ST-LINKIII-KEIL_SWO.dll V3.0.8.0
Dialog DLL:      TCM.DLL V1.48.0.0
 
<h2>Project:</h2>
F:\DI LAM\buoi1\buoi2\MDK-ARM\buoi2.uvprojx
Project File Date:  11/02/2022

<h2>Output:</h2>
*** Using Compiler 'V5.06 update 7 (build 960)', folder: 'C:\Keil_v5\ARM\ARMCC\Bin'
Build target 'buoi2'
compiling main.c...
.\thuvienew\ADCnew.h(6): warning:  #1295-D: Deprecated declaration pump - give arg types
  	void pump ();
.\thuvienew\ADCnew.h(7): warning:  #1295-D: Deprecated declaration compare - give arg types
  	void compare();
.\thuvienew\ADCnew.h(8): warning:  #1295-D: Deprecated declaration energy - give arg types
  	void energy();
.\thuvienew\ADCnew.h(11): warning:  #1295-D: Deprecated declaration data_esp - give arg types
  	void data_esp ();
.\thuvienew\ADCnew.h(12): warning:  #1295-D: Deprecated declaration test_led - give arg types
  	void test_led();
.\thuvienew\ADCnew.h(13): warning:  #1295-D: Deprecated declaration test_pump - give arg types
  	void test_pump();
.\thuvienew\ADCnew.h(14): warning:  #1295-D: Deprecated declaration evenPunch - give arg types
  	void evenPunch ();
.\thuvienew\ADCnew.h(16): warning:  #1-D: last line of file ends without a newline
  #endif 
.\thuvienew\kalman1.h(22): warning:  #1295-D: Deprecated declaration getKalmanGain1 - give arg types
  float getKalmanGain1();
.\thuvienew\kalman1.h(23): warning:  #1295-D: Deprecated declaration getEstimateError1 - give arg types
  float getEstimateError1();
.\thuvienew\kalman1.h(60): warning:  #1-D: last line of file ends without a newline
  #endif
../Core/Src/main.c: 11 warnings, 0 errors
linking...
Program Size: Code=14840 RO-data=452 RW-data=132 ZI-data=1676  
FromELF: creating hex file...
"buoi2\buoi2.axf" - 0 Error(s), 11 Warning(s).

<h2>Software Packages used:</h2>

Package Vendor: ARM
                http://www.keil.com/pack/ARM.CMSIS.5.7.0.pack
                ARM.CMSIS.5.7.0
                CMSIS (Cortex Microcontroller Software Interface Standard)
   * Component: CORE Version: 5.4.0

Package Vendor: Keil
                http://www.keil.com/pack/Keil.STM32F2xx_DFP.2.10.0.pack
                Keil.STM32F2xx_DFP.2.10.0
                STMicroelectronics STM32F2 Series Device Support, Drivers and Examples

<h2>Collection of Component include folders:</h2>
  .\RTE\_buoi2
  C:\Users\Admin\AppData\Local\Arm\Packs\ARM\CMSIS\5.7.0\CMSIS\Core\Include
  C:\Users\Admin\AppData\Local\Arm\Packs\Keil\STM32F2xx_DFP\2.10.0\Drivers\CMSIS\Device\ST\STM32F2xx\Include

<h2>Collection of Component Files used:</h2>

   * Component: ARM::CMSIS:CORE:5.4.0
      Include file:  CMSIS\Core\Include\tz_context.h
Build Time Elapsed:  00:00:02
</pre>
</body>
</html>
